// Jest Snapshot v1, https://goo.gl/fbAQLP

exports[`Should Render Footer 1`] = `
<div>
  footer
</div>
`;
